#
# A fatal error has been detected by the Java Runtime Environment:
#
#  EXCEPTION_ACCESS_VIOLATION (0xc0000005) at pc=0x000001f97a2cae50, pid=18356, tid=7668
#
# JRE version: OpenJDK Runtime Environment Temurin-21.0.1+12 (21.0.1+12) (build 21.0.1+12-LTS)
# Java VM: OpenJDK 64-Bit Server VM Temurin-21.0.1+12 (21.0.1+12-LTS, mixed mode, emulated-client, sharing, tiered, compressed oops, compressed class ptrs, g1 gc, windows-amd64)
# Problematic frame:
# v  ~BufferBlob::MethodHandles adapters 0x000001f97a2cae50
#
# No core dump will be written. Minidumps are not enabled by default on client versions of Windows
#
# If you would like to submit a bug report, please visit:
#   https://github.com/adoptium/adoptium-support/issues
#

---------------  S U M M A R Y ------------

Command Line: -XX:+ShowCodeDetailsInExceptionMessages -agentlib:jdwp=transport=dt_socket,suspend=y,address=localhost:56476 -Dcom.sun.management.jmxremote -Dcom.sun.management.jmxremote.port=56475 -Dcom.sun.management.jmxremote.authenticate=false -Dcom.sun.management.jmxremote.ssl=false -Djava.rmi.server.hostname=localhost -Dspring.jmx.enabled=true -Dmanagement.endpoints.jmx.exposure.include=* -Dspring.application.admin.enabled=true -XX:TieredStopAtLevel=1 -Dspring.boot.project.name=spring_kadai2 -javaagent:C:\pleiades\2023-09\eclipse\configuration\org.eclipse.osgi\252\0\.cp\lib\javaagent-shaded.jar -Dfile.encoding=UTF-8 -Dstdout.encoding=UTF-8 -Dstderr.encoding=UTF-8 com.example.demo.SpringKadai2Application --spring.output.ansi.enabled=always

Host: 11th Gen Intel(R) Core(TM) i5-1135G7 @ 2.40GHz, 8 cores, 15G,  Windows 11 , 64 bit Build 26100 (10.0.26100.3912)
Time: Mon May 26 18:23:22 2025  Windows 11 , 64 bit Build 26100 (10.0.26100.3912) elapsed time: 495.096548 seconds (0d 0h 8m 15s)

---------------  T H R E A D  ---------------

Current thread (0x000001f94b899ca0):  JavaThread "restartedMain"        [_thread_in_Java, id=7668, stack(0x000000f927900000,0x000000f927a00000) (1024K)]

Stack: [0x000000f927900000,0x000000f927a00000],  sp=0x000000f9279fe078,  free space=1016k
Native frames: (J=compiled Java code, j=interpreted, Vv=VM code, C=native code)
C  0x000001f97a2cae50

The last pc belongs to _linkToSpecial (printed below).

siginfo: EXCEPTION_ACCESS_VIOLATION (0xc0000005), reading address 0xffffffffffffffff


Registers:
RAX=0x000001f97a299086, RBX=0xe107a45100000001, RCX=0x000000f9279fe080, RDX=0x0000000000000002
RSP=0x000000f9279fe078, RBP=0x000000f9279fe0c8, RSI=0x000001f94cee8038, RDI=0x000001f94d0372b0
R8 =0x0000000000000004, R9 =0x0000000000000004, R10=0x00007ffce1e91330, R11=0x000001f9060b6328
R12=0x0000000000000000, R13=0x000000f9279fe078, R14=0x000000f9279fe0e8, R15=0x000001f94b899ca0
RIP=0x000001f97a2cae50, EFLAGS=0x0000000000010202


Register to memory mapping:

RAX=0x000001f97a299086 is at code_begin+3078 in an Interpreter codelet
return entry points  [0x000001f97a298480, 0x000001f97a29a298]  7704 bytes
RBX=0xe107a45100000001 is an unknown value
RCX=0x000000f9279fe080 is pointing into the stack for thread: 0x000001f94b899ca0
RDX=0x0000000000000002 is an unknown value
RSP=0x000000f9279fe078 is pointing into the stack for thread: 0x000001f94b899ca0
RBP=0x000000f9279fe0c8 is pointing into the stack for thread: 0x000001f94b899ca0
RSI=0x000001f94cee8038 points into unknown readable memory: 0x800016456f33824a | 4a 82 33 6f 45 16 00 80
RDI=0x000001f94d0372b0 points into unknown readable memory: 0x0000001800000070 | 70 00 00 00 18 00 00 00
R8 =0x0000000000000004 is an unknown value
R9 =0x0000000000000004 is an unknown value
R10=0x00007ffce1e91330 jvm.dll
R11={method} {0x000001f9060b6330} 'newInvokeSpecial' '(Ljava/lang/Object;)Ljava/lang/Object;' in 'java/lang/invoke/DirectMethodHandle$Holder'
R12=0x0 is null
R13=0x000000f9279fe078 is pointing into the stack for thread: 0x000001f94b899ca0
R14=0x000000f9279fe0e8 is pointing into the stack for thread: 0x000001f94b899ca0
R15=0x000001f94b899ca0 is a thread

Top of Stack: (sp=0x000000f9279fe078)
0x000000f9279fe078:   000001f97a299086 000000f9279fe080
0x000000f9279fe088:   000001f90672c7bf 0000000000000004
0x000000f9279fe098:   000001f9060b17e0 0000000708e13028
0x000000f9279fe0a8:   0000000704f153d0 000001f9060b6328
0x000000f9279fe0b8:   000000f9279fe078 000000f9279fe0f0
0x000000f9279fe0c8:   000000f9279fe460 000001f97a6da74b
0x000000f9279fe0d8:   00000007083d2190 00000007083d2238
0x000000f9279fe0e8:   00000007083d21f0 00000007083d1fa0
0x000000f9279fe0f8:   000001f94c680b80 000000f9279fe460
0x000000f9279fe108:   000001f97a6ed894 000001f94b157950
0x000000f9279fe118:   000000f9279fb880 000001f94bb88f01
0x000000f9279fe128:   000001f94c680b80 000001f94b157950
0x000000f9279fe138:   00007ffce1754dbe 000001f94b899ca0
0x000000f9279fe148:   000001f94b157950 0000000000000000
0x000000f9279fe158:   0000000000000000 000001f94bebdf80
0x000000f9279fe168:   0000000704f14778 0000000708e13028
0x000000f9279fe178:   00000007083d1e68 00000007083d1e68
0x000000f9279fe188:   00000007083d1fa0 00000007083d2220
0x000000f9279fe198:   00000007083d1ff8 0000000708e13028
0x000000f9279fe1a8:   0000000000000001 000000f9279fe460
0x000000f9279fe1b8:   000001f900000000 0000000000000000
0x000000f9279fe1c8:   0000000000000000 00000007083d21f0
0x000000f9279fe1d8:   000001f97a6d7cdc 0000000000000000
0x000000f9279fe1e8:   0000000000000000 0000000000000000
0x000000f9279fe1f8:   00007ffce1856b00 000001f94b899ca0
0x000000f9279fe208:   0000000000000000 00000007083d1fa0
0x000000f9279fe218:   0000000000000000 00000007083d1e68
0x000000f9279fe228:   00000007083d2220 00000007083d1fa0
0x000000f9279fe238:   0000000000000000 00000007083d1f00
0x000000f9279fe248:   000001f97a6d9c6c 000000f9279fe460
0x000000f9279fe258:   000001f97a6d6eea 0000000000000000
0x000000f9279fe268:   000001f97a656029 000001f94b899ca0 

Instructions: (pc=0x000001f97a2cae50)
0x000001f97a2cad50:   bf e0 05 00 00 00 74 03 ff 63 38 ff 63 50 e9 9d
0x000001f97a2cad60:   16 00 00 66 66 66 0f 1f 84 00 00 00 00 00 66 66
0x000001f97a2cad70:   66 90 66 66 0f 1f 84 00 00 00 00 00 66 66 66 90
0x000001f97a2cad80:   48 8b 53 08 0f b7 52 2e 48 8b 0c d4 58 5b 50 44
0x000001f97a2cad90:   8b 51 08 49 bb 00 00 00 06 f9 01 00 00 4d 03 d3
0x000001f97a2cada0:   4c 8b 5b 10 4b 8b 9c da c8 01 00 00 48 85 db 0f
0x000001f97a2cadb0:   84 10 00 00 00 41 80 bf e0 05 00 00 00 74 03 ff
0x000001f97a2cadc0:   63 38 ff 63 50 e9 36 16 00 00 66 66 66 0f 1f 84
0x000001f97a2cadd0:   00 00 00 00 00 66 66 66 90 0f 1f 80 00 00 00 00
0x000001f97a2cade0:   58 5b 50 8b 5b 24 48 c1 e3 03 48 8b 5b 10 48 85
0x000001f97a2cadf0:   db 0f 84 10 00 00 00 41 80 bf e0 05 00 00 00 74
0x000001f97a2cae00:   03 ff 63 38 ff 63 50 e9 f4 15 00 00 66 66 66 0f
0x000001f97a2cae10:   1f 84 00 00 00 00 00 66 66 66 90 0f 1f 44 00 00
0x000001f97a2cae20:   48 8b 53 08 0f b7 52 2e 48 8b 0c d4 58 5b 50 48
0x000001f97a2cae30:   3b 01 8b 5b 24 48 c1 e3 03 48 8b 5b 10 48 85 db
0x000001f97a2cae40:   0f 84 10 00 00 00 41 80 bf e0 05 00 00 00 74 03
0x000001f97a2cae50:   ff 63 38 ff 63 50 e9 a5 15 00 00 0f 1f 44 00 00
0x000001f97a2cae60:   48 8b 53 08 0f b7 52 2e 48 8b 0c d4 58 5b 50 44
0x000001f97a2cae70:   8b 51 08 49 bb 00 00 00 06 f9 01 00 00 4d 03 d3
0x000001f97a2cae80:   8b 43 18 48 c1 e0 03 48 8b 40 10 48 8b 5b 10 45
0x000001f97a2cae90:   8b 9a a0 00 00 00 4f 8d 9c da c8 01 00 00 4d 8d
0x000001f97a2caea0:   14 da 49 8b 1b 48 3b c3 74 15 48 85 db 0f 84 32
0x000001f97a2caeb0:   00 00 00 49 83 c3 10 49 8b 1b 48 3b c3 75 eb 45
0x000001f97a2caec0:   8b 5b 08 4b 8b 1c 1a 48 85 db 0f 84 10 00 00 00
0x000001f97a2caed0:   41 80 bf e0 05 00 00 00 74 03 ff 63 38 ff 63 50
0x000001f97a2caee0:   e9 1b 15 00 00 e9 16 12 00 00 f4 00 00 00 00 00
0x000001f97a2caef0:   00 00 00 00 00 00 00 00 00 00 00 00 00 00 00 00
0x000001f97a2caf00:   00 00 00 00 00 00 00 00 00 00 00 00 00 00 00 00
0x000001f97a2caf10:   00 00 00 00 00 00 00 00 00 00 00 00 00 00 00 00
0x000001f97a2caf20:   00 00 00 00 00 00 00 00 00 00 00 00 00 00 00 00
0x000001f97a2caf30:   00 00 00 00 00 00 00 00 00 00 00 00 00 00 00 00
0x000001f97a2caf40:   00 00 00 00 00 00 00 00 00 00 00 00 00 00 00 00 


Stack slot to memory mapping:

stack at sp + 0 slots: 0x000001f97a299086 is at code_begin+3078 in an Interpreter codelet
return entry points  [0x000001f97a298480, 0x000001f97a29a298]  7704 bytes
stack at sp + 1 slots: 0x000000f9279fe080 is pointing into the stack for thread: 0x000001f94b899ca0
stack at sp + 2 slots: 0x000001f90672c7bf is pointing into metadata
stack at sp + 3 slots: 0x0000000000000004 is an unknown value
stack at sp + 4 slots: 0x000001f9060b17e0 is pointing into metadata
stack at sp + 5 slots: 0x0000000708e13028 is an oop: java.lang.Class 
{0x0000000708e13028} - klass: 'java/lang/Class'
 - ---- fields (total size 14 words):
 - private volatile transient 'classRedefinedCount' 'I' @12  1 (0x00000001)
 - injected 'klass' 'J' @16  2169080677376 (0x000001f907488400)
 - injected 'array_klass' 'J' @24  0 (0x0000000000000000)
 - injected 'oop_size' 'I' @32  14 (0x0000000e)
 - injected 'static_oop_field_count' 'I' @36  0 (0x00000000)
 - private volatile transient 'cachedConstructor' 'Ljava/lang/reflect/Constructor;' @40  null (0x00000000)
 - private transient 'name' 'Ljava/lang/String;' @44  "com.example.demo.BoardController"{0x00000007052030f8} (0xe0a4061f)
 - private transient 'module' 'Ljava/lang/Module;' @48  a 'java/lang/Module'{0x0000000709600ef8} (0xe12c01df)
 - private final 'classLoader' 'Ljava/lang/ClassLoader;' @52  a 'org/springframework/boot/devtools/restart/classloader/RestartClassLoader'{0x0000000709600d68} (0xe12c01ad)
 - private transient 'classData' 'Ljava/lang/Object;' @56  null (0x00000000)
 - private transient 'packageName' 'Ljava/lang/String;' @60  "com.example.demo"{0x000000070542c920} (0xe0a85924)
 - private final 'componentType' 'Ljava/lang/Class;' @64  null (0x00000000)
 - private volatile transient 'reflectionData' 'Ljava/lang/ref/SoftReference;' @68  a 'java/lang/ref/SoftReference'{0x00000007083cf0e0} (0xe1079e1c)
 - private volatile transient 'genericInfo' 'Lsun/reflect/generics/repository/ClassRepository;' @72  null (0x00000000)
 - private volatile transient 'enumConstants' '[Ljava/lang/Object;' @76  null (0x00000000)
 - private volatile transient 'enumConstantDirectory' 'Ljava/util/Map;' @80  null (0x00000000)
 - private volatile transient 'annotationData' 'Ljava/lang/Class$AnnotationData;' @84  null (0x00000000)
 - private volatile transient 'annotationType' 'Lsun/reflect/annotation/AnnotationType;' @88  null (0x00000000)
 - transient 'classValueMap' 'Ljava/lang/ClassValue$ClassValueMap;' @92  null (0x00000000)
 - injected 'protection_domain' 'Ljava/lang/Object;' @96  a 'java/security/ProtectionDomain'{0x000000070961b578} (0xe12c36af)
 - injected 'signers_name' 'Ljava/lang/Object;' @100  null (0x00000000)
 - injected 'source_file' 'Ljava/lang/Object;' @104  null (0x00000000)
 - signature: Lcom/example/demo/BoardController;
 - ---- static fields (0):
stack at sp + 6 slots: 0x0000000704f153d0 is an oop: java.lang.Class 
{0x0000000704f153d0} - klass: 'java/lang/Class'
 - ---- fields (total size 14 words):
 - private volatile transient 'classRedefinedCount' 'I' @12  0 (0x00000000)
 - injected 'klass' 'J' @16  2169059873712 (0x000001f9060b13b0)
 - injected 'array_klass' 'J' @24  0 (0x0000000000000000)
 - injected 'oop_size' 'I' @32  14 (0x0000000e)
 - injected 'static_oop_field_count' 'I' @36  0 (0x00000000)
 - private volatile transient 'cachedConstructor' 'Ljava/lang/reflect/Constructor;' @40  null (0x00000000)
 - private transient 'name' 'Ljava/lang/String;' @44  null (0x00000000)
 - private transient 'module' 'Ljava/lang/Module;' @48  a 'java/lang/Module'{0x0000000704f2f718} (0xe09e5ee3)
 - private final 'classLoader' 'Ljava/lang/ClassLoader;' @52  null (0x00000000)
 - private transient 'classData' 'Ljava/lang/Object;' @56  null (0x00000000)
 - private transient 'packageName' 'Ljava/lang/String;' @60  null (0x00000000)
 - private final 'componentType' 'Ljava/lang/Class;' @64  null (0x00000000)
 - private volatile transient 'reflectionData' 'Ljava/lang/ref/SoftReference;' @68  null (0x00000000)
 - private volatile transient 'genericInfo' 'Lsun/reflect/generics/repository/ClassRepository;' @72  null (0x00000000)
 - private volatile transient 'enumConstants' '[Ljava/lang/Object;' @76  null (0x00000000)
 - private volatile transient 'enumConstantDirectory' 'Ljava/util/Map;' @80  null (0x00000000)
 - private volatile transient 'annotationData' 'Ljava/lang/Class$AnnotationData;' @84  null (0x00000000)
 - private volatile transient 'annotationType' 'Lsun/reflect/annotation/AnnotationType;' @88  null (0x00000000)
 - transient 'classValueMap' 'Ljava/lang/ClassValue$ClassValueMap;' @92  null (0x00000000)
 - injected 'protection_domain' 'Ljava/lang/Object;' @96  null (0x00000000)
 - injected 'signers_name' 'Ljava/lang/Object;' @100  null (0x00000000)
 - injected 'source_file' 'Ljava/lang/Object;' @104  null (0x00000000)
 - signature: Ljava/lang/invoke/DirectMethodHandle$Holder;
 - ---- static fields (0):
stack at sp + 7 slots: {method} {0x000001f9060b6330} 'newInvokeSpecial' '(Ljava/lang/Object;)Ljava/lang/Object;' in 'java/lang/invoke/DirectMethodHandle$Holder'

MethodHandle::interpreter_entry::_linkToSpecial [0x000001f97a2cae0c, 0x000001f97a2cae5b] (79 bytes)
[MachCode]
  0x000001f97a2cae0c: 6666 660f | 1f84 0000 | 0000 0066 | 6666 900f | 1f44 0000 | 488b 5308 | 0fb7 522e | 488b 0cd4 
  0x000001f97a2cae2c: 585b 5048 | 3b01 8b5b | 2448 c1e3 | 0348 8b5b | 1048 85db | 0f84 1000 | 0000 4180 | bfe0 0500 
  0x000001f97a2cae4c: 0000 7403 | ff63 38ff | 6350 e9a5 | 
[/MachCode]

---------------  P R O C E S S  ---------------

Threads class SMR info:
_java_thread_list=0x000001f94cb3b240, length=25, elements={
0x000001f97edb9030, 0x000001f97edbb7c0, 0x000001f97edc16b0, 0x000001f97edc51f0,
0x000001f97edc74e0, 0x000001f97edcba10, 0x000001f97edd8c20, 0x000001f94b0d6210,
0x000001f94b15b900, 0x000001f94b15e5a0, 0x000001f94b163660, 0x000001f94b82e1d0,
0x000001f94b21d090, 0x000001f94ba5efb0, 0x000001f94ba70590, 0x000001f94c048650,
0x000001f94c05b690, 0x000001f94d31b6e0, 0x000001f94d31f1f0, 0x000001f94b8988f0,
0x000001f94b89a9c0, 0x000001f94b899ca0, 0x000001f94b899610, 0x000001f94b89a330,
0x000001f94b898f80
}

Java Threads: ( => current thread )
  0x000001f97edb9030 JavaThread "Reference Handler"          daemon [_thread_blocked, id=16528, stack(0x000000f928300000,0x000000f928400000) (1024K)]
  0x000001f97edbb7c0 JavaThread "Finalizer"                  daemon [_thread_blocked, id=14968, stack(0x000000f928400000,0x000000f928500000) (1024K)]
  0x000001f97edc16b0 JavaThread "Signal Dispatcher"          daemon [_thread_blocked, id=19308, stack(0x000000f928500000,0x000000f928600000) (1024K)]
  0x000001f97edc51f0 JavaThread "Attach Listener"            daemon [_thread_blocked, id=8124, stack(0x000000f928600000,0x000000f928700000) (1024K)]
  0x000001f97edc74e0 JavaThread "Service Thread"             daemon [_thread_blocked, id=13492, stack(0x000000f928700000,0x000000f928800000) (1024K)]
  0x000001f97edcba10 JavaThread "Monitor Deflation Thread"   daemon [_thread_blocked, id=2340, stack(0x000000f928800000,0x000000f928900000) (1024K)]
  0x000001f97edd8c20 JavaThread "C1 CompilerThread0"         daemon [_thread_blocked, id=16696, stack(0x000000f928900000,0x000000f928a00000) (1024K)]
  0x000001f94b0d6210 JavaThread "Common-Cleaner"             daemon [_thread_blocked, id=18552, stack(0x000000f928a00000,0x000000f928b00000) (1024K)]
  0x000001f94b15b900 JavaThread "JDWP Transport Listener: dt_socket" daemon [_thread_blocked, id=10212, stack(0x000000f928e00000,0x000000f928f00000) (1024K)]
  0x000001f94b15e5a0 JavaThread "JDWP Event Helper Thread"   daemon [_thread_blocked, id=15604, stack(0x000000f928f00000,0x000000f929000000) (1024K)]
  0x000001f94b163660 JavaThread "JDWP Command Reader"        daemon [_thread_in_native, id=15172, stack(0x000000f929000000,0x000000f929100000) (1024K)]
  0x000001f94b82e1d0 JavaThread "Notification Thread"        daemon [_thread_blocked, id=11648, stack(0x000000f929100000,0x000000f929200000) (1024K)]
  0x000001f94b21d090 JavaThread "RMI TCP Accept-0"           daemon [_thread_in_native, id=15936, stack(0x000000f929900000,0x000000f929a00000) (1024K)]
  0x000001f94ba5efb0 JavaThread "RMI TCP Accept-56475"       daemon [_thread_in_native, id=7292, stack(0x000000f929a00000,0x000000f929b00000) (1024K)]
  0x000001f94ba70590 JavaThread "RMI TCP Accept-0"           daemon [_thread_in_native, id=18588, stack(0x000000f929b00000,0x000000f929c00000) (1024K)]
  0x000001f94c048650 JavaThread "RMI Scheduler(0)"           daemon [_thread_blocked, id=212, stack(0x000000f929f00000,0x000000f92a000000) (1024K)]
  0x000001f94c05b690 JavaThread "JMX server connection timeout 41" daemon [_thread_blocked, id=4376, stack(0x000000f92a100000,0x000000f92a200000) (1024K)]
  0x000001f94d31b6e0 JavaThread "Live Reload Server"         daemon [_thread_in_native, id=1828, stack(0x000000f92a800000,0x000000f92a900000) (1024K)]
  0x000001f94d31f1f0 JavaThread "DestroyJavaVM"                     [_thread_blocked, id=2796, stack(0x000000f927b00000,0x000000f927c00000) (1024K)]
  0x000001f94b8988f0 JavaThread "RMI TCP Connection(17)-127.0.0.1" daemon [_thread_in_native, id=17192, stack(0x000000f92ba00000,0x000000f92bb00000) (1024K)]
  0x000001f94b89a9c0 JavaThread "Thread-5"                          [_thread_blocked, id=13680, stack(0x000000f927800000,0x000000f927900000) (1024K)]
=>0x000001f94b899ca0 JavaThread "restartedMain"                     [_thread_in_Java, id=7668, stack(0x000000f927900000,0x000000f927a00000) (1024K)]
  0x000001f94b899610 JavaThread "Catalina-utility-1"                [_thread_blocked, id=14880, stack(0x000000f928d00000,0x000000f928e00000) (1024K)]
  0x000001f94b89a330 JavaThread "Catalina-utility-2"                [_thread_blocked, id=9308, stack(0x000000f929c00000,0x000000f929d00000) (1024K)]
  0x000001f94b898f80 JavaThread "container-0"                       [_thread_blocked, id=4468, stack(0x000000f929d00000,0x000000f929e00000) (1024K)]
Total: 25

Other Threads:
  0x000001f97ed991b0 VMThread "VM Thread"                           [id=1224, stack(0x000000f928200000,0x000000f928300000) (1024K)]
  0x000001f97ed87150 WatcherThread "VM Periodic Task Thread"        [id=4176, stack(0x000000f928100000,0x000000f928200000) (1024K)]
  0x000001f971c3e5d0 WorkerThread "GC Thread#0"                     [id=9720, stack(0x000000f927c00000,0x000000f927d00000) (1024K)]
  0x000001f94b96e2b0 WorkerThread "GC Thread#1"                     [id=14516, stack(0x000000f929200000,0x000000f929300000) (1024K)]
  0x000001f94b96e650 WorkerThread "GC Thread#2"                     [id=1072, stack(0x000000f929300000,0x000000f929400000) (1024K)]
  0x000001f94b96df10 WorkerThread "GC Thread#3"                     [id=10388, stack(0x000000f929400000,0x000000f929500000) (1024K)]
  0x000001f94b96ccf0 WorkerThread "GC Thread#4"                     [id=17752, stack(0x000000f929500000,0x000000f929600000) (1024K)]
  0x000001f94b96d7d0 WorkerThread "GC Thread#5"                     [id=17720, stack(0x000000f929600000,0x000000f929700000) (1024K)]
  0x000001f94b96d090 WorkerThread "GC Thread#6"                     [id=7040, stack(0x000000f929700000,0x000000f929800000) (1024K)]
  0x000001f94b96d430 WorkerThread "GC Thread#7"                     [id=9176, stack(0x000000f929800000,0x000000f929900000) (1024K)]
  0x000001f971c505f0 ConcurrentGCThread "G1 Main Marker"            [id=17932, stack(0x000000f927d00000,0x000000f927e00000) (1024K)]
  0x000001f971c51810 WorkerThread "G1 Conc#0"                       [id=1680, stack(0x000000f927e00000,0x000000f927f00000) (1024K)]
  0x000001f94c1a1ad0 WorkerThread "G1 Conc#1"                       [id=11244, stack(0x000000f92a300000,0x000000f92a400000) (1024K)]
  0x000001f971c8e8e0 ConcurrentGCThread "G1 Refine#0"               [id=12556, stack(0x000000f927f00000,0x000000f928000000) (1024K)]
  0x000001f97ec57d60 ConcurrentGCThread "G1 Service"                [id=4200, stack(0x000000f928000000,0x000000f928100000) (1024K)]
Total: 15

Threads with active compile tasks:
Total: 0

VM state: not at safepoint (normal execution)

VM Mutex/Monitor currently owned by a thread: None

Heap address: 0x0000000704e00000, size: 4018 MB, Compressed Oops mode: Zero based, Oop shift amount: 3

CDS archive(s) mapped at: [0x000001f906000000-0x000001f906c90000-0x000001f906c90000), size 13172736, SharedBaseAddress: 0x000001f906000000, ArchiveRelocationMode: 1.
Compressed class space mapped at: 0x000001f907000000-0x000001f947000000, reserved size: 1073741824
Narrow klass base: 0x000001f906000000, Narrow klass shift: 0, Narrow klass range: 0x100000000

GC Precious Log:
 CardTable entry size: 512
 Card Set container configuration: InlinePtr #cards 4 size 8 Array Of Cards #cards 16 size 48 Howl #buckets 8 coarsen threshold 3686 Howl Bitmap #cards 512 size 80 coarsen threshold 460 Card regions per heap region 1 cards per card region 4096
 CPUs: 8 total, 8 available
 Memory: 16064M
 Large Page Support: Disabled
 NUMA Support: Disabled
 Compressed Oops: Enabled (Zero based)
 Heap Region Size: 2M
 Heap Min Capacity: 8M
 Heap Initial Capacity: 252M
 Heap Max Capacity: 4018M
 Pre-touch: Disabled
 Parallel Workers: 8
 Concurrent Workers: 2
 Concurrent Refinement Workers: 8
 Periodic GC: Disabled

Heap:
 garbage-first heap   total 75776K, used 39988K [0x0000000704e00000, 0x0000000800000000)
  region size 2048K, 12 young (24576K), 0 survivors (0K)
 Metaspace       used 36586K, committed 37248K, reserved 1114112K
  class space    used 4910K, committed 5184K, reserved 1048576K

Heap Regions: E=young(eden), S=young(survivor), O=old, HS=humongous(starts), HC=humongous(continues), CS=collection set, F=free, TAMS=top-at-mark-start, PB=parsable bottom
|   0|0x0000000704e00000, 0x0000000704ffffe0, 0x0000000705000000| 99%| O|  |TAMS 0x0000000704e00000| PB 0x0000000704e00000| Untracked 
|   1|0x0000000705000000, 0x0000000705200000, 0x0000000705200000|100%| O|  |TAMS 0x0000000705000000| PB 0x0000000705000000| Untracked 
|   2|0x0000000705200000, 0x00000007053ffff0, 0x0000000705400000| 99%| O|  |TAMS 0x0000000705200000| PB 0x0000000705200000| Untracked 
|   3|0x0000000705400000, 0x00000007055fffe8, 0x0000000705600000| 99%| O|  |TAMS 0x0000000705400000| PB 0x0000000705400000| Untracked 
|   4|0x0000000705600000, 0x00000007056f6d20, 0x0000000705800000| 48%| O|  |TAMS 0x0000000705600000| PB 0x0000000705600000| Untracked 
|   5|0x0000000705800000, 0x0000000705a00000, 0x0000000705a00000|100%| O|  |TAMS 0x0000000705800000| PB 0x0000000705800000| Untracked 
|   6|0x0000000705a00000, 0x0000000705bab8a8, 0x0000000705c00000| 83%| O|  |TAMS 0x0000000705a00000| PB 0x0000000705a00000| Untracked 
|   7|0x0000000705c00000, 0x0000000705df2d98, 0x0000000705e00000| 97%| O|  |TAMS 0x0000000705c00000| PB 0x0000000705c00000| Untracked 
|   8|0x0000000705e00000, 0x0000000705e114c0, 0x0000000706000000|  3%| O|  |TAMS 0x0000000705e00000| PB 0x0000000705e00000| Untracked 
|   9|0x0000000706000000, 0x0000000706000000, 0x0000000706200000|  0%| F|  |TAMS 0x0000000706000000| PB 0x0000000706000000| Untracked 
|  10|0x0000000706200000, 0x00000007063ff978, 0x0000000706400000| 99%| O|  |TAMS 0x0000000706200000| PB 0x0000000706200000| Untracked 
|  11|0x0000000706400000, 0x0000000706400000, 0x0000000706600000|  0%| F|  |TAMS 0x0000000706400000| PB 0x0000000706400000| Untracked 
|  12|0x0000000706600000, 0x0000000706600000, 0x0000000706800000|  0%| F|  |TAMS 0x0000000706600000| PB 0x0000000706600000| Untracked 
|  13|0x0000000706800000, 0x0000000706800000, 0x0000000706a00000|  0%| F|  |TAMS 0x0000000706800000| PB 0x0000000706800000| Untracked 
|  14|0x0000000706a00000, 0x0000000706a00000, 0x0000000706c00000|  0%| F|  |TAMS 0x0000000706a00000| PB 0x0000000706a00000| Untracked 
|  15|0x0000000706c00000, 0x0000000706c67298, 0x0000000706e00000| 20%| O|  |TAMS 0x0000000706c00000| PB 0x0000000706c00000| Untracked 
|  16|0x0000000706e00000, 0x0000000706e00000, 0x0000000707000000|  0%| F|  |TAMS 0x0000000706e00000| PB 0x0000000706e00000| Untracked 
|  17|0x0000000707000000, 0x0000000707000000, 0x0000000707200000|  0%| F|  |TAMS 0x0000000707000000| PB 0x0000000707000000| Untracked 
|  18|0x0000000707200000, 0x0000000707200000, 0x0000000707400000|  0%| F|  |TAMS 0x0000000707200000| PB 0x0000000707200000| Untracked 
|  19|0x0000000707400000, 0x0000000707400000, 0x0000000707600000|  0%| F|  |TAMS 0x0000000707400000| PB 0x0000000707400000| Untracked 
|  20|0x0000000707600000, 0x0000000707600000, 0x0000000707800000|  0%| F|  |TAMS 0x0000000707600000| PB 0x0000000707600000| Untracked 
|  21|0x0000000707800000, 0x0000000707800000, 0x0000000707a00000|  0%| F|  |TAMS 0x0000000707800000| PB 0x0000000707800000| Untracked 
|  22|0x0000000707a00000, 0x0000000707a00000, 0x0000000707c00000|  0%| F|  |TAMS 0x0000000707a00000| PB 0x0000000707a00000| Untracked 
|  23|0x0000000707c00000, 0x0000000707c00000, 0x0000000707e00000|  0%| F|  |TAMS 0x0000000707c00000| PB 0x0000000707c00000| Untracked 
|  24|0x0000000707e00000, 0x0000000707e00000, 0x0000000708000000|  0%| F|  |TAMS 0x0000000707e00000| PB 0x0000000707e00000| Untracked 
|  25|0x0000000708000000, 0x000000070809a318, 0x0000000708200000| 30%| E|  |TAMS 0x0000000708000000| PB 0x0000000708000000| Complete 
|  26|0x0000000708200000, 0x0000000708400000, 0x0000000708400000|100%| E|CS|TAMS 0x0000000708200000| PB 0x0000000708200000| Complete 
|  27|0x0000000708400000, 0x0000000708600000, 0x0000000708600000|100%| E|CS|TAMS 0x0000000708400000| PB 0x0000000708400000| Complete 
|  28|0x0000000708600000, 0x0000000708800000, 0x0000000708800000|100%| E|CS|TAMS 0x0000000708600000| PB 0x0000000708600000| Complete 
|  29|0x0000000708800000, 0x0000000708a00000, 0x0000000708a00000|100%| E|CS|TAMS 0x0000000708800000| PB 0x0000000708800000| Complete 
|  30|0x0000000708a00000, 0x0000000708c00000, 0x0000000708c00000|100%| E|CS|TAMS 0x0000000708a00000| PB 0x0000000708a00000| Complete 
|  31|0x0000000708c00000, 0x0000000708e00000, 0x0000000708e00000|100%| E|CS|TAMS 0x0000000708c00000| PB 0x0000000708c00000| Complete 
|  32|0x0000000708e00000, 0x0000000709000000, 0x0000000709000000|100%| E|CS|TAMS 0x0000000708e00000| PB 0x0000000708e00000| Complete 
|  33|0x0000000709000000, 0x0000000709200000, 0x0000000709200000|100%| E|CS|TAMS 0x0000000709000000| PB 0x0000000709000000| Complete 
|  34|0x0000000709200000, 0x0000000709400000, 0x0000000709400000|100%| E|CS|TAMS 0x0000000709200000| PB 0x0000000709200000| Complete 
|  35|0x0000000709400000, 0x0000000709600000, 0x0000000709600000|100%| E|CS|TAMS 0x0000000709400000| PB 0x0000000709400000| Complete 
|  36|0x0000000709600000, 0x0000000709800000, 0x0000000709800000|100%| E|CS|TAMS 0x0000000709600000| PB 0x0000000709600000| Complete 

Card table byte_map: [0x000001f97db80000,0x000001f97e360000] _byte_map_base: 0x000001f97a359000

Marking Bits: (CMBitMap*) 0x000001f971c3ebe0
 Bits: [0x000001f900000000, 0x000001f903ec8000)

Polling page: 0x000001f96fa90000

Metaspace:

Usage:
  Non-class:     30.93 MB used.
      Class:      4.80 MB used.
       Both:     35.73 MB used.

Virtual space:
  Non-class space:       64.00 MB reserved,      31.31 MB ( 49%) committed,  1 nodes.
      Class space:        1.00 GB reserved,       5.06 MB ( <1%) committed,  1 nodes.
             Both:        1.06 GB reserved,      36.38 MB (  3%) committed. 

Chunk freelists:
   Non-Class:  673.00 KB
       Class:  10.88 MB
        Both:  11.54 MB

MaxMetaspaceSize: unlimited
CompressedClassSpaceSize: 1.00 GB
Initial GC threshold: 21.00 MB
Current GC threshold: 60.62 MB
CDS: on
 - commit_granule_bytes: 65536.
 - commit_granule_words: 8192.
 - virtual_space_node_default_size: 8388608.
 - enlarge_chunks_in_place: 1.
 - use_allocation_guard: 0.


Internal statistics:

num_allocs_failed_limit: 3.
num_arena_births: 922.
num_arena_deaths: 14.
num_vsnodes_births: 2.
num_vsnodes_deaths: 0.
num_space_committed: 582.
num_space_uncommitted: 0.
num_chunks_returned_to_freelist: 24.
num_chunks_taken_from_freelist: 2215.
num_chunk_merges: 3.
num_chunk_splits: 1486.
num_chunks_enlarged: 1032.
num_inconsistent_stats: 0.

CodeCache: size=49152Kb used=10559Kb max_used=11681Kb free=38592Kb
 bounds [0x000001f97a290000, 0x000001f97ae00000, 0x000001f97d290000]
 total_blobs=5899 nmethods=5304 adapters=519
 compilation: enabled
              stopped_count=0, restarted_count=0
 full_count=0

Compilation events (20 events):
Event: 446.714 Thread 0x000001f97edd8c20 5355       1       java.io.ObjectStreamClass::hasWriteObjectData (9 bytes)
Event: 446.714 Thread 0x000001f94b0c0f90 5356       1       java.io.ObjectInputStream$BlockDataInputStream::read (138 bytes)
Event: 446.715 Thread 0x000001f97edd8c20 nmethod 5355 0x000001f97adf4490 code [0x000001f97adf4640, 0x000001f97adf47c0]
Event: 446.715 Thread 0x000001f97edd8c20 5357       1       java.io.ObjectStreamClass$FieldReflector::setObjFieldValues (262 bytes)
Event: 446.715 Thread 0x000001f94b0c0f90 nmethod 5356 0x000001f97adf4890 code [0x000001f97adf4aa0, 0x000001f97adf4f00]
Event: 446.715 Thread 0x000001f94b0c0f90 5358       1       java.io.ObjectStreamClass::hasReadObjectMethod (17 bytes)
Event: 446.715 Thread 0x000001f94b0c0f90 nmethod 5358 0x000001f97adf5090 code [0x000001f97adf5240, 0x000001f97adf53d8]
Event: 446.716 Thread 0x000001f97edd8c20 nmethod 5357 0x000001f97adf5490 code [0x000001f97adf57a0, 0x000001f97adf61f8]
Event: 446.716 Thread 0x000001f97edd8c20 5359       1       java.io.BufferedOutputStream::flushBuffer (29 bytes)
Event: 446.716 Thread 0x000001f97edd8c20 nmethod 5359 0x000001f97adf6a90 code [0x000001f97adf6c40, 0x000001f97adf6d60]
Event: 446.717 Thread 0x000001f97edd8c20 5360       1       org.apache.catalina.core.DefaultInstanceManager::findLifecycleCallback (112 bytes)
Event: 446.717 Thread 0x000001f94b0c0f90 5361       1       java.util.HashMap$Values::toArray (16 bytes)
Event: 446.717 Thread 0x000001f94b0c0f90 nmethod 5361 0x000001f97adf6e10 code [0x000001f97adf6fc0, 0x000001f97adf70f8]
Event: 446.718 Thread 0x000001f97edd8c20 nmethod 5360 0x000001f97adf7210 code [0x000001f97adf74c0, 0x000001f97adf7e98]
Event: 446.719 Thread 0x000001f97edd8c20 5362       1       org.springframework.core.annotation.AnnotatedElementUtils$AnnotatedElementForAnnotations::getDeclaredAnnotations (11 bytes)
Event: 446.720 Thread 0x000001f97edd8c20 nmethod 5362 0x000001f97adf8410 code [0x000001f97adf85c0, 0x000001f97adf8718]
Event: 456.734 Thread 0x000001f97edd8c20 5363   !   1       org.apache.catalina.core.ContainerBase::findChildren (67 bytes)
Event: 456.735 Thread 0x000001f97edd8c20 nmethod 5363 0x000001f97a514190 code [0x000001f97a5143c0, 0x000001f97a514928]
Event: 481.118 Thread 0x000001f97edd8c20 5364       1       sun.nio.ch.NioSocketImpl::ensureOpenAndConnected (36 bytes)
Event: 481.118 Thread 0x000001f97edd8c20 nmethod 5364 0x000001f97a513c10 code [0x000001f97a513de0, 0x000001f97a514040]

GC Heap History (20 events):
Event: 1.048 GC heap before
{Heap before GC invocations=1 (full 0):
 garbage-first heap   total 258048K, used 33954K [0x0000000704e00000, 0x0000000800000000)
  region size 2048K, 16 young (32768K), 2 survivors (4096K)
 Metaspace       used 9980K, committed 10240K, reserved 1114112K
  class space    used 1178K, committed 1280K, reserved 1048576K
}
Event: 1.054 GC heap after
{Heap after GC invocations=2 (full 0):
 garbage-first heap   total 258048K, used 6714K [0x0000000704e00000, 0x0000000800000000)
  region size 2048K, 1 young (2048K), 1 survivors (2048K)
 Metaspace       used 9980K, committed 10240K, reserved 1114112K
  class space    used 1178K, committed 1280K, reserved 1048576K
}
Event: 1.437 GC heap before
{Heap before GC invocations=2 (full 0):
 garbage-first heap   total 258048K, used 49722K [0x0000000704e00000, 0x0000000800000000)
  region size 2048K, 24 young (49152K), 1 survivors (2048K)
 Metaspace       used 14667K, committed 15104K, reserved 1114112K
  class space    used 1930K, committed 2112K, reserved 1048576K
}
Event: 1.442 GC heap after
{Heap after GC invocations=3 (full 0):
 garbage-first heap   total 258048K, used 8692K [0x0000000704e00000, 0x0000000800000000)
  region size 2048K, 2 young (4096K), 2 survivors (4096K)
 Metaspace       used 14667K, committed 15104K, reserved 1114112K
  class space    used 1930K, committed 2112K, reserved 1048576K
}
Event: 1.566 GC heap before
{Heap before GC invocations=4 (full 0):
 garbage-first heap   total 49152K, used 45556K [0x0000000704e00000, 0x0000000800000000)
  region size 2048K, 21 young (43008K), 2 survivors (4096K)
 Metaspace       used 17909K, committed 18368K, reserved 1114112K
  class space    used 2293K, committed 2496K, reserved 1048576K
}
Event: 1.570 GC heap after
{Heap after GC invocations=5 (full 0):
 garbage-first heap   total 53248K, used 9425K [0x0000000704e00000, 0x0000000800000000)
  region size 2048K, 2 young (4096K), 2 survivors (4096K)
 Metaspace       used 17909K, committed 18368K, reserved 1114112K
  class space    used 2293K, committed 2496K, reserved 1048576K
}
Event: 1.639 GC heap before
{Heap before GC invocations=5 (full 0):
 garbage-first heap   total 53248K, used 34001K [0x0000000704e00000, 0x0000000800000000)
  region size 2048K, 15 young (30720K), 2 survivors (4096K)
 Metaspace       used 20046K, committed 20480K, reserved 1114112K
  class space    used 2591K, committed 2816K, reserved 1048576K
}
Event: 1.642 GC heap after
{Heap after GC invocations=6 (full 0):
 garbage-first heap   total 53248K, used 9739K [0x0000000704e00000, 0x0000000800000000)
  region size 2048K, 1 young (2048K), 1 survivors (2048K)
 Metaspace       used 20046K, committed 20480K, reserved 1114112K
  class space    used 2591K, committed 2816K, reserved 1048576K
}
Event: 1.811 GC heap before
{Heap before GC invocations=6 (full 0):
 garbage-first heap   total 53248K, used 38411K [0x0000000704e00000, 0x0000000800000000)
  region size 2048K, 15 young (30720K), 1 survivors (2048K)
 Metaspace       used 22159K, committed 22592K, reserved 1114112K
  class space    used 2897K, committed 3072K, reserved 1048576K
}
Event: 1.814 GC heap after
{Heap after GC invocations=7 (full 0):
 garbage-first heap   total 155648K, used 11429K [0x0000000704e00000, 0x0000000800000000)
  region size 2048K, 2 young (4096K), 2 survivors (4096K)
 Metaspace       used 22159K, committed 22592K, reserved 1114112K
  class space    used 2897K, committed 3072K, reserved 1048576K
}
Event: 2.179 GC heap before
{Heap before GC invocations=7 (full 0):
 garbage-first heap   total 155648K, used 54437K [0x0000000704e00000, 0x0000000800000000)
  region size 2048K, 25 young (51200K), 2 survivors (4096K)
 Metaspace       used 25094K, committed 25536K, reserved 1114112K
  class space    used 3315K, committed 3520K, reserved 1048576K
}
Event: 2.191 GC heap after
{Heap after GC invocations=8 (full 0):
 garbage-first heap   total 155648K, used 12847K [0x0000000704e00000, 0x0000000800000000)
  region size 2048K, 3 young (6144K), 3 survivors (6144K)
 Metaspace       used 25094K, committed 25536K, reserved 1114112K
  class space    used 3315K, committed 3520K, reserved 1048576K
}
Event: 2.746 GC heap before
{Heap before GC invocations=9 (full 0):
 garbage-first heap   total 55296K, used 39471K [0x0000000704e00000, 0x0000000800000000)
  region size 2048K, 16 young (32768K), 3 survivors (6144K)
 Metaspace       used 27381K, committed 27968K, reserved 1114112K
  class space    used 3630K, committed 3904K, reserved 1048576K
}
Event: 2.766 GC heap after
{Heap after GC invocations=10 (full 0):
 garbage-first heap   total 55296K, used 14664K [0x0000000704e00000, 0x0000000800000000)
  region size 2048K, 2 young (4096K), 2 survivors (4096K)
 Metaspace       used 27381K, committed 27968K, reserved 1114112K
  class space    used 3630K, committed 3904K, reserved 1048576K
}
Event: 3.288 GC heap before
{Heap before GC invocations=10 (full 0):
 garbage-first heap   total 55296K, used 43336K [0x0000000704e00000, 0x0000000800000000)
  region size 2048K, 16 young (32768K), 2 survivors (4096K)
 Metaspace       used 29863K, committed 30528K, reserved 1114112K
  class space    used 3987K, committed 4288K, reserved 1048576K
}
Event: 3.295 GC heap after
{Heap after GC invocations=11 (full 0):
 garbage-first heap   total 55296K, used 16469K [0x0000000704e00000, 0x0000000800000000)
  region size 2048K, 2 young (4096K), 2 survivors (4096K)
 Metaspace       used 29863K, committed 30528K, reserved 1114112K
  class space    used 3987K, committed 4288K, reserved 1048576K
}
Event: 14.369 GC heap before
{Heap before GC invocations=11 (full 0):
 garbage-first heap   total 55296K, used 45141K [0x0000000704e00000, 0x0000000800000000)
  region size 2048K, 16 young (32768K), 2 survivors (4096K)
 Metaspace       used 32437K, committed 33088K, reserved 1114112K
  class space    used 4362K, committed 4672K, reserved 1048576K
}
Event: 14.375 GC heap after
{Heap after GC invocations=12 (full 0):
 garbage-first heap   total 157696K, used 17711K [0x0000000704e00000, 0x0000000800000000)
  region size 2048K, 2 young (4096K), 2 survivors (4096K)
 Metaspace       used 32437K, committed 33088K, reserved 1114112K
  class space    used 4362K, committed 4672K, reserved 1048576K
}
Event: 446.303 GC heap before
{Heap before GC invocations=12 (full 0):
 garbage-first heap   total 157696K, used 64815K [0x0000000704e00000, 0x0000000800000000)
  region size 2048K, 27 young (55296K), 2 survivors (4096K)
 Metaspace       used 36577K, committed 37248K, reserved 1114112K
  class space    used 4908K, committed 5184K, reserved 1048576K
}
Event: 446.333 GC heap after
{Heap after GC invocations=13 (full 1):
 garbage-first heap   total 75776K, used 17460K [0x0000000704e00000, 0x0000000800000000)
  region size 2048K, 0 young (0K), 0 survivors (0K)
 Metaspace       used 36562K, committed 37248K, reserved 1114112K
  class space    used 4905K, committed 5184K, reserved 1048576K
}

Dll operation events (12 events):
Event: 0.017 Loaded shared library C:\pleiades\2023-09\java\21\bin\java.dll
Event: 0.222 Loaded shared library C:\pleiades\2023-09\java\21\bin\zip.dll
Event: 0.230 Loaded shared library C:\pleiades\2023-09\java\21\bin\instrument.dll
Event: 0.237 Loaded shared library C:\pleiades\2023-09\java\21\bin\net.dll
Event: 0.239 Loaded shared library C:\pleiades\2023-09\java\21\bin\nio.dll
Event: 0.245 Loaded shared library C:\pleiades\2023-09\java\21\bin\zip.dll
Event: 0.388 Loaded shared library C:\pleiades\2023-09\java\21\bin\jimage.dll
Event: 0.443 Loaded shared library C:\pleiades\2023-09\java\21\bin\management.dll
Event: 0.453 Loaded shared library C:\pleiades\2023-09\java\21\bin\management_ext.dll
Event: 0.657 Loaded shared library C:\pleiades\2023-09\java\21\bin\verify.dll
Event: 0.756 Loaded shared library C:\pleiades\2023-09\java\21\bin\extnet.dll
Event: 1.715 Loaded shared library C:\pleiades\2023-09\java\21\bin\sunmscapi.dll

Deoptimization events (20 events):
Event: 446.716 Thread 0x000001f94b899ca0 DEOPT PACKING pc=0x000001f97ad0619c sp=0x000000f9279fdce0
Event: 446.716 Thread 0x000001f94b899ca0 DEOPT UNPACKING pc=0x000001f97a2e88e2 sp=0x000000f9279fd188 mode 1
Event: 446.722 Thread 0x000001f94b899ca0 DEOPT PACKING pc=0x000001f97ab33444 sp=0x000000f9279fd850
Event: 446.722 Thread 0x000001f94b899ca0 DEOPT UNPACKING pc=0x000001f97a2e88e2 sp=0x000000f9279fcdc8 mode 1
Event: 446.722 Thread 0x000001f94b899ca0 DEOPT PACKING pc=0x000001f97ab33444 sp=0x000000f9279fd850
Event: 446.722 Thread 0x000001f94b899ca0 DEOPT UNPACKING pc=0x000001f97a2e88e2 sp=0x000000f9279fcdc8 mode 1
Event: 446.724 Thread 0x000001f94b899ca0 DEOPT PACKING pc=0x000001f97aa96cec sp=0x000000f9279f9f60
Event: 446.724 Thread 0x000001f94b899ca0 DEOPT UNPACKING pc=0x000001f97a2e88e2 sp=0x000000f9279f9498 mode 1
Event: 446.724 Thread 0x000001f94b899ca0 DEOPT PACKING pc=0x000001f97aa97d0c sp=0x000000f9279fa050
Event: 446.724 Thread 0x000001f94b899ca0 DEOPT UNPACKING pc=0x000001f97a2e88e2 sp=0x000000f9279f9600 mode 1
Event: 446.724 Thread 0x000001f94b899ca0 DEOPT PACKING pc=0x000001f97aa9904c sp=0x000000f9279fa1c0
Event: 446.724 Thread 0x000001f94b899ca0 DEOPT UNPACKING pc=0x000001f97a2e88e2 sp=0x000000f9279f9780 mode 1
Event: 446.724 Thread 0x000001f94b899ca0 DEOPT PACKING pc=0x000001f97aa96cec sp=0x000000f9279fd140
Event: 446.724 Thread 0x000001f94b899ca0 DEOPT UNPACKING pc=0x000001f97a2e88e2 sp=0x000000f9279fc678 mode 1
Event: 446.724 Thread 0x000001f94b899ca0 DEOPT PACKING pc=0x000001f97aa97d0c sp=0x000000f9279fd230
Event: 446.724 Thread 0x000001f94b899ca0 DEOPT UNPACKING pc=0x000001f97a2e88e2 sp=0x000000f9279fc7e0 mode 1
Event: 446.724 Thread 0x000001f94b899ca0 DEOPT PACKING pc=0x000001f97aa9904c sp=0x000000f9279fd3a0
Event: 446.724 Thread 0x000001f94b899ca0 DEOPT UNPACKING pc=0x000001f97a2e88e2 sp=0x000000f9279fc960 mode 1
Event: 495.028 Thread 0x000001f94b899ca0 DEOPT PACKING pc=0x000001f97a6dc134 sp=0x000000f9279fe080
Event: 495.028 Thread 0x000001f94b899ca0 DEOPT UNPACKING pc=0x000001f97a2e88e2 sp=0x000000f9279fd538 mode 0

Classes loaded (20 events):
Event: 446.277 Loading class java/net/Proxy
Event: 446.277 Loading class java/net/Proxy done
Event: 446.277 Loading class java/net/Proxy$Type
Event: 446.277 Loading class java/net/Proxy$Type done
Event: 446.277 Loading class sun/net/spi/DefaultProxySelector$1
Event: 446.277 Loading class sun/net/spi/DefaultProxySelector$1 done
Event: 446.278 Loading class sun/net/spi/DefaultProxySelector$NonProxyInfo
Event: 446.279 Loading class sun/net/spi/DefaultProxySelector$NonProxyInfo done
Event: 446.279 Loading class sun/net/spi/DefaultProxySelector$3
Event: 446.279 Loading class sun/net/spi/DefaultProxySelector$3 done
Event: 446.293 Loading class java/io/FileOutputStream$1
Event: 446.293 Loading class java/io/FileOutputStream$1 done
Event: 446.301 Loading class java/util/WeakHashMap$KeyIterator
Event: 446.301 Loading class java/util/WeakHashMap$HashIterator
Event: 446.301 Loading class java/util/WeakHashMap$HashIterator done
Event: 446.301 Loading class java/util/WeakHashMap$KeyIterator done
Event: 446.333 Loading class java/lang/ref/Finalizer$2
Event: 446.334 Loading class java/lang/ref/Finalizer$2 done
Event: 446.334 Loading class java/lang/ref/Finalizer$1
Event: 446.334 Loading class java/lang/ref/Finalizer$1 done

Classes unloaded (7 events):
Event: 446.313 Thread 0x000001f97ed991b0 Unloading class 0x000001f907488c00 'java/lang/invoke/LambdaForm$MH+0x000001f907488c00'
Event: 446.313 Thread 0x000001f97ed991b0 Unloading class 0x000001f907488400 'java/lang/invoke/LambdaForm$MH+0x000001f907488400'
Event: 446.313 Thread 0x000001f97ed991b0 Unloading class 0x000001f907487c00 'java/lang/invoke/LambdaForm$MH+0x000001f907487c00'
Event: 446.313 Thread 0x000001f97ed991b0 Unloading class 0x000001f907487400 'java/lang/invoke/LambdaForm$MH+0x000001f907487400'
Event: 446.313 Thread 0x000001f97ed991b0 Unloading class 0x000001f907486c00 'java/lang/invoke/LambdaForm$MH+0x000001f907486c00'
Event: 446.313 Thread 0x000001f97ed991b0 Unloading class 0x000001f907486400 'java/lang/invoke/LambdaForm$MH+0x000001f907486400'
Event: 446.313 Thread 0x000001f97ed991b0 Unloading class 0x000001f907485c00 'java/lang/invoke/LambdaForm$MH+0x000001f907485c00'

Classes redefined (3 events):
Event: 445.097 Thread 0x000001f97ed991b0 redefined class name=com.example.demo.BoardController, count=1
Event: 495.063 Thread 0x000001f97ed991b0 redefined class name=com.example.demo.BoardController, count=1
Event: 495.063 Thread 0x000001f97ed991b0 redefined class name=com.example.demo.BoardController, count=2

Internal exceptions (20 events):
Event: 2.938 Thread 0x000001f94b97a060 Exception <a 'java/lang/NoSuchMethodError'{0x000000070b390f68}: 'long java.lang.invoke.DirectMethodHandle$Holder.invokeVirtual(java.lang.Object, java.lang.Object)'> (0x000000070b390f68) 
thrown [s\src\hotspot\share\interpreter\linkResolver.cpp, line 773]
Event: 3.034 Thread 0x000001f94b97a060 Exception <a 'java/lang/NoSuchMethodError'{0x000000070789fe20}: 'void java.lang.invoke.DirectMethodHandle$Holder.invokeVirtual(java.lang.Object, java.lang.Object, long)'> (0x000000070789fe20) 
thrown [s\src\hotspot\share\interpreter\linkResolver.cpp, line 773]
Event: 3.054 Thread 0x000001f94b97a060 Exception <a 'java/lang/NoSuchMethodError'{0x0000000707993908}: 'void java.lang.invoke.Invokers$Holder.invokeExact_MT(java.lang.Object, java.lang.Object, java.lang.Object, java.lang.Object)'> (0x0000000707993908) 
thrown [s\src\hotspot\share\interpreter\linkResolver.cpp, line 773]
Event: 3.115 Thread 0x000001f94b97a060 Exception <a 'java/lang/NoSuchMethodError'{0x0000000707448b90}: 'java.lang.Object java.lang.invoke.DirectMethodHandle$Holder.newInvokeSpecial(java.lang.Object, java.lang.Object, java.lang.Object, java.lang.Object, java.lang.Object, java.lang.Object, java.lang.Object, java.lang.Object)'> (0x0000000707448b90) 
thrown [s\src\hotspot\share\interpreter\linkResolver.cpp, line 773]
Event: 3.237 Thread 0x000001f94b97a060 Exception <a 'java/lang/NoSuchMethodError'{0x0000000706d7e988}: 'java.lang.Object java.lang.invoke.DirectMethodHandle$Holder.invokeSpecial(java.lang.Object, java.lang.Object, int, java.lang.Object, java.lang.Object)'> (0x0000000706d7e988) 
thrown [s\src\hotspot\share\interpreter\linkResolver.cpp, line 773]
Event: 3.237 Thread 0x000001f94b97a060 Exception <a 'java/lang/NoSuchMethodError'{0x0000000706d82668}: 'java.lang.Object java.lang.invoke.DelegatingMethodHandle$Holder.delegate(java.lang.Object, int, java.lang.Object, java.lang.Object)'> (0x0000000706d82668) 
thrown [s\src\hotspot\share\interpreter\linkResolver.cpp, line 773]
Event: 3.239 Thread 0x000001f94b97a060 Exception <a 'java/lang/NoSuchMethodError'{0x0000000706d92f10}: 'int java.lang.invoke.Invokers$Holder.linkToTargetMethod(java.lang.Object, java.lang.Object, java.lang.Object)'> (0x0000000706d92f10) 
thrown [s\src\hotspot\share\interpreter\linkResolver.cpp, line 773]
Event: 3.283 Thread 0x000001f94b97a060 Exception <a 'java/lang/IncompatibleClassChangeError'{0x00000007069a1150}: Found class java.lang.Object, but interface was expected> (0x00000007069a1150) 
thrown [s\src\hotspot\share\interpreter\linkResolver.cpp, line 840]
Event: 3.351 Thread 0x000001f94b97a060 Exception <a 'java/lang/NoSuchMethodError'{0x0000000707a1a178}: 'int java.lang.invoke.DirectMethodHandle$Holder.invokeStaticInit(java.lang.Object, java.lang.Object, java.lang.Object, java.lang.Object)'> (0x0000000707a1a178) 
thrown [s\src\hotspot\share\interpreter\linkResolver.cpp, line 773]
Event: 3.485 Thread 0x000001f94b97a060 Exception <a 'java/lang/NoSuchMethodError'{0x0000000707074970}: 'java.lang.Object java.lang.invoke.DirectMethodHandle$Holder.newInvokeSpecial(java.lang.Object, java.lang.Object, int, java.lang.Object, java.lang.Object)'> (0x0000000707074970) 
thrown [s\src\hotspot\share\interpreter\linkResolver.cpp, line 773]
Event: 3.681 Thread 0x000001f94c040080 Exception <a 'java/lang/NoSuchMethodError'{0x0000000706c81a08}: 'java.lang.Object java.lang.invoke.DirectMethodHandle$Holder.invokeInterface(java.lang.Object, java.lang.Object, java.lang.Object, java.lang.Object, java.lang.Object, java.lang.Object, java.lang.Object)'> (0x0000000706c81a08) 
thrown [s\src\hotspot\share\interpreter\linkResolver.cpp, line 773]
Event: 14.323 Thread 0x000001f94d3205a0 Exception <a 'java/lang/NoSuchMethodError'{0x0000000706a1d960}: 'java.lang.Object java.lang.invoke.DirectMethodHandle$Holder.invokeStatic(java.lang.Object, java.lang.Object, java.lang.Object, int, int)'> (0x0000000706a1d960) 
thrown [s\src\hotspot\share\interpreter\linkResolver.cpp, line 773]
Event: 14.324 Thread 0x000001f94d3205a0 Exception <a 'java/lang/NoSuchMethodError'{0x0000000706a211f0}: 'java.lang.Object java.lang.invoke.DirectMethodHandle$Holder.invokeStaticInit(java.lang.Object, java.lang.Object, java.lang.Object, int, int)'> (0x0000000706a211f0) 
thrown [s\src\hotspot\share\interpreter\linkResolver.cpp, line 773]
Event: 14.365 Thread 0x000001f94d31a330 Exception <a 'java/lang/NoSuchMethodError'{0x00000007069abf10}: 'java.lang.Object java.lang.invoke.DirectMethodHandle$Holder.invokeSpecial(java.lang.Object, java.lang.Object, java.lang.Object, java.lang.Object, java.lang.Object, long)'> (0x00000007069abf10) 
thrown [s\src\hotspot\share\interpreter\linkResolver.cpp, line 773]
Event: 14.365 Thread 0x000001f94d31a330 Exception <a 'java/lang/NoSuchMethodError'{0x00000007069af6d0}: 'java.lang.Object java.lang.invoke.Invokers$Holder.linkToTargetMethod(java.lang.Object, java.lang.Object, java.lang.Object, long, java.lang.Object)'> (0x00000007069af6d0) 
thrown [s\src\hotspot\share\interpreter\linkResolver.cpp, line 773]
Event: 446.302 Thread 0x000001f94c05b000 Exception <a 'java/lang/InterruptedException'{0x000000070b68da78}: sleep interrupted> (0x000000070b68da78) 
thrown [s\src\hotspot\share\prims\jvm.cpp, line 3074]
Event: 446.347 Thread 0x000001f94b899ca0 Exception <a 'sun/nio/fs/WindowsException'{0x00000007096775f0}> (0x00000007096775f0) 
thrown [s\src\hotspot\share\prims\jni.cpp, line 520]
Event: 446.638 Thread 0x000001f94b899ca0 Exception <a 'java/lang/NoClassDefFoundError'{0x000000070877a8f0}: org/flywaydb/core/Flyway> (0x000000070877a8f0) 
thrown [s\src\hotspot\share\oops\constantPool.cpp, line 871]
Event: 446.644 Thread 0x000001f94b899ca0 Exception <a 'java/lang/NoClassDefFoundError'{0x000000070877af50}: liquibase/integration/spring/SpringLiquibase> (0x000000070877af50) 
thrown [s\src\hotspot\share\oops\constantPool.cpp, line 871]
Event: 446.683 Thread 0x000001f94b899ca0 Exception <a 'java/io/FileNotFoundException'{0x000000070827d680}> (0x000000070827d680) 
thrown [s\src\hotspot\share\prims\jni.cpp, line 520]

ZGC Phase Switch (0 events):
No events

VM Operations (20 events):
Event: 447.792 Executing VM operation: get/set locals
Event: 447.792 Executing VM operation: get/set locals done
Event: 447.795 Executing VM operation: get/set locals
Event: 447.795 Executing VM operation: get/set locals done
Event: 456.887 Executing VM operation: Cleanup
Event: 456.887 Executing VM operation: Cleanup done
Event: 481.313 Executing VM operation: HandshakeAllThreads (HandshakeForDeflation)
Event: 481.313 Executing VM operation: HandshakeAllThreads (HandshakeForDeflation) done
Event: 481.313 Executing VM operation: Cleanup
Event: 481.313 Executing VM operation: Cleanup done
Event: 481.313 Executing VM operation: RendezvousGCThreads
Event: 481.313 Executing VM operation: RendezvousGCThreads done
Event: 495.028 Executing VM operation: ChangeSingleStep
Event: 495.028 Executing VM operation: ChangeSingleStep done
Event: 495.029 Executing VM operation: ChangeSingleStep
Event: 495.029 Executing VM operation: ChangeSingleStep done
Event: 495.055 Executing VM operation: RedefineClasses
Event: 495.078 Executing VM operation: RedefineClasses done
Event: 495.086 Executing VM operation: ChangeSingleStep
Event: 495.086 Executing VM operation: ChangeSingleStep done

Events (20 events):
Event: 446.318 Thread 0x000001f97ed991b0 flushing nmethod 0x000001f97a7bec90
Event: 446.318 Thread 0x000001f97ed991b0 flushing nmethod 0x000001f97a7ebf10
Event: 446.318 Thread 0x000001f97ed991b0 flushing nmethod 0x000001f97a7e9890
Event: 446.318 Thread 0x000001f97ed991b0 flushing nmethod 0x000001f97a6c7d10
Event: 446.318 Thread 0x000001f97ed991b0 flushing nmethod 0x000001f97a6e3290
Event: 446.318 Thread 0x000001f97ed991b0 flushing nmethod 0x000001f97a6e0210
Event: 446.318 Thread 0x000001f97ed991b0 flushing nmethod 0x000001f97a6dfd90
Event: 446.318 Thread 0x000001f97ed991b0 flushing nmethod 0x000001f97a68b610
Event: 446.334 Thread 0x000001f94b89a330 Thread added: 0x000001f94b89a330
Event: 446.335 Thread 0x000001f94b89a330 Thread exited: 0x000001f94b89a330
Event: 446.335 Thread 0x000001f94b899ca0 Thread added: 0x000001f94b899ca0
Event: 446.365 Thread 0x000001f94c1e1840 Thread added: 0x000001f94c1e1840
Event: 446.365 Thread 0x000001f94b0c0f90 Thread added: 0x000001f94b0c0f90
Event: 446.420 Thread 0x000001f94b899610 Thread added: 0x000001f94b899610
Event: 446.477 Thread 0x000001f94b899610 Thread exited: 0x000001f94b899610
Event: 446.717 Thread 0x000001f94b899610 Thread added: 0x000001f94b899610
Event: 446.718 Thread 0x000001f94b89a330 Thread added: 0x000001f94b89a330
Event: 446.718 Thread 0x000001f94b898f80 Thread added: 0x000001f94b898f80
Event: 451.721 Thread 0x000001f94b0c0f90 Thread exited: 0x000001f94b0c0f90
Event: 451.721 Thread 0x000001f94c1e1840 Thread exited: 0x000001f94c1e1840


Dynamic libraries:
0x00007ff61b4b0000 - 0x00007ff61b4be000 	C:\pleiades\2023-09\java\21\bin\javaw.exe
0x00007ffd2e580000 - 0x00007ffd2e7e6000 	C:\WINDOWS\SYSTEM32\ntdll.dll
0x00007ffd2d1d0000 - 0x00007ffd2d299000 	C:\WINDOWS\System32\KERNEL32.DLL
0x00007ffd2bc90000 - 0x00007ffd2c05c000 	C:\WINDOWS\System32\KERNELBASE.dll
0x00007ffd2ba80000 - 0x00007ffd2bbcb000 	C:\WINDOWS\System32\ucrtbase.dll
0x00007ffd19290000 - 0x00007ffd192a8000 	C:\pleiades\2023-09\java\21\bin\jli.dll
0x00007ffd2c3c0000 - 0x00007ffd2c58a000 	C:\WINDOWS\System32\USER32.dll
0x00007ffd18ed0000 - 0x00007ffd18eeb000 	C:\pleiades\2023-09\java\21\bin\VCRUNTIME140.dll
0x00007ffd01d70000 - 0x00007ffd0200a000 	C:\WINDOWS\WinSxS\amd64_microsoft.windows.common-controls_6595b64144ccf1df_6.0.26100.3912_none_3e07963ce335137e\COMCTL32.dll
0x00007ffd2c270000 - 0x00007ffd2c297000 	C:\WINDOWS\System32\win32u.dll
0x00007ffd2c890000 - 0x00007ffd2c939000 	C:\WINDOWS\System32\msvcrt.dll
0x00007ffd2e510000 - 0x00007ffd2e53b000 	C:\WINDOWS\System32\GDI32.dll
0x00007ffd2b890000 - 0x00007ffd2b9c2000 	C:\WINDOWS\System32\gdi32full.dll
0x00007ffd2b9d0000 - 0x00007ffd2ba73000 	C:\WINDOWS\System32\msvcp_win.dll
0x00007ffd2c850000 - 0x00007ffd2c880000 	C:\WINDOWS\System32\IMM32.DLL
0x00007ffd264f0000 - 0x00007ffd264fc000 	C:\pleiades\2023-09\java\21\bin\vcruntime140_1.dll
0x00007ffd17550000 - 0x00007ffd175de000 	C:\pleiades\2023-09\java\21\bin\msvcp140.dll
0x00007ffce11e0000 - 0x00007ffce1f61000 	C:\pleiades\2023-09\java\21\bin\server\jvm.dll
0x00007ffd2e230000 - 0x00007ffd2e2e2000 	C:\WINDOWS\System32\ADVAPI32.dll
0x00007ffd2e180000 - 0x00007ffd2e226000 	C:\WINDOWS\System32\sechost.dll
0x00007ffd2c940000 - 0x00007ffd2ca56000 	C:\WINDOWS\System32\RPCRT4.dll
0x00007ffd2c340000 - 0x00007ffd2c3b4000 	C:\WINDOWS\System32\WS2_32.dll
0x00007ffd2b560000 - 0x00007ffd2b5be000 	C:\WINDOWS\SYSTEM32\POWRPROF.dll
0x00007ffd22d30000 - 0x00007ffd22d66000 	C:\WINDOWS\SYSTEM32\WINMM.dll
0x00007ffd192e0000 - 0x00007ffd192eb000 	C:\WINDOWS\SYSTEM32\VERSION.dll
0x00007ffd2b530000 - 0x00007ffd2b544000 	C:\WINDOWS\SYSTEM32\UMPDC.dll
0x00007ffd2a4d0000 - 0x00007ffd2a4ea000 	C:\WINDOWS\SYSTEM32\kernel.appcore.dll
0x00007ffd26490000 - 0x00007ffd2649a000 	C:\pleiades\2023-09\java\21\bin\jimage.dll
0x00007ffd29080000 - 0x00007ffd292c1000 	C:\WINDOWS\SYSTEM32\DBGHELP.DLL
0x00007ffd2cdb0000 - 0x00007ffd2d134000 	C:\WINDOWS\System32\combase.dll
0x00007ffd2c760000 - 0x00007ffd2c840000 	C:\WINDOWS\System32\OLEAUT32.dll
0x00007ffcf8c40000 - 0x00007ffcf8c79000 	C:\WINDOWS\SYSTEM32\dbgcore.DLL
0x00007ffd2c2a0000 - 0x00007ffd2c339000 	C:\WINDOWS\System32\bcryptPrimitives.dll
0x00007ffd179d0000 - 0x00007ffd17a0c000 	C:\pleiades\2023-09\java\21\bin\jdwp.dll
0x00007ffd260f0000 - 0x00007ffd260ff000 	C:\pleiades\2023-09\java\21\bin\instrument.dll
0x00007ffd179b0000 - 0x00007ffd179cf000 	C:\pleiades\2023-09\java\21\bin\java.dll
0x00007ffd2d810000 - 0x00007ffd2df3d000 	C:\WINDOWS\System32\SHELL32.dll
0x00007ffd2b710000 - 0x00007ffd2b884000 	C:\WINDOWS\System32\wintypes.dll
0x00007ffd29350000 - 0x00007ffd29ba6000 	C:\WINDOWS\SYSTEM32\windows.storage.dll
0x00007ffd2c610000 - 0x00007ffd2c6ff000 	C:\WINDOWS\System32\SHCORE.dll
0x00007ffd2d300000 - 0x00007ffd2d369000 	C:\WINDOWS\System32\shlwapi.dll
0x00007ffd2b620000 - 0x00007ffd2b64f000 	C:\WINDOWS\SYSTEM32\profapi.dll
0x00007ffd1aa40000 - 0x00007ffd1aa4c000 	C:\pleiades\2023-09\java\21\bin\dt_socket.dll
0x00007ffd29f70000 - 0x00007ffd29fa3000 	C:\WINDOWS\SYSTEM32\IPHLPAPI.DLL
0x00007ffd2aa40000 - 0x00007ffd2aaaa000 	C:\WINDOWS\system32\mswsock.dll
0x00007ffd2a040000 - 0x00007ffd2a167000 	C:\WINDOWS\SYSTEM32\DNSAPI.dll
0x00007ffd2d1c0000 - 0x00007ffd2d1ca000 	C:\WINDOWS\System32\NSI.dll
0x00007ffd16dc0000 - 0x00007ffd16dcb000 	C:\Windows\System32\rasadhlp.dll
0x00007ffd24a20000 - 0x00007ffd24aa6000 	C:\WINDOWS\System32\fwpuclnt.dll
0x00007ffd17750000 - 0x00007ffd17768000 	C:\pleiades\2023-09\java\21\bin\zip.dll
0x00007ffd1aa10000 - 0x00007ffd1aa20000 	C:\pleiades\2023-09\java\21\bin\net.dll
0x00007ffd196e0000 - 0x00007ffd197fe000 	C:\WINDOWS\SYSTEM32\WINHTTP.dll
0x00007ffd17730000 - 0x00007ffd17746000 	C:\pleiades\2023-09\java\21\bin\nio.dll
0x00007ffd1a640000 - 0x00007ffd1a64a000 	C:\pleiades\2023-09\java\21\bin\management.dll
0x00007ffd19270000 - 0x00007ffd1927b000 	C:\pleiades\2023-09\java\21\bin\management_ext.dll
0x00007ffd2d2f0000 - 0x00007ffd2d2f8000 	C:\WINDOWS\System32\PSAPI.DLL
0x00007ffceb6a0000 - 0x00007ffceb6b8000 	C:\WINDOWS\system32\napinsp.dll
0x00007ffceaef0000 - 0x00007ffceaf02000 	C:\WINDOWS\System32\winrnr.dll
0x00007ffd165c0000 - 0x00007ffd165f0000 	C:\WINDOWS\system32\nlansp_c.dll
0x00007ffd184e0000 - 0x00007ffd18500000 	C:\WINDOWS\system32\wshbth.dll
0x00007ffd17720000 - 0x00007ffd17730000 	C:\pleiades\2023-09\java\21\bin\verify.dll
0x00007ffd2ace0000 - 0x00007ffd2acfc000 	C:\WINDOWS\SYSTEM32\CRYPTSP.dll
0x00007ffd2a430000 - 0x00007ffd2a46a000 	C:\WINDOWS\system32\rsaenh.dll
0x00007ffd2aae0000 - 0x00007ffd2ab0b000 	C:\WINDOWS\SYSTEM32\USERENV.dll
0x00007ffd2b5f0000 - 0x00007ffd2b616000 	C:\WINDOWS\SYSTEM32\bcrypt.dll
0x00007ffd2ad00000 - 0x00007ffd2ad0c000 	C:\WINDOWS\SYSTEM32\CRYPTBASE.dll
0x00007ffd17540000 - 0x00007ffd17547000 	C:\pleiades\2023-09\java\21\bin\extnet.dll
0x00007ffd17530000 - 0x00007ffd1753e000 	C:\pleiades\2023-09\java\21\bin\sunmscapi.dll
0x00007ffd2c0f0000 - 0x00007ffd2c267000 	C:\WINDOWS\System32\CRYPT32.dll
0x00007ffd2aef0000 - 0x00007ffd2af20000 	C:\WINDOWS\SYSTEM32\ncrypt.dll
0x00007ffd2aea0000 - 0x00007ffd2aedf000 	C:\WINDOWS\SYSTEM32\NTASN1.dll
0x00007ffd16550000 - 0x00007ffd16558000 	C:\WINDOWS\system32\wshunix.dll

dbghelp: loaded successfully - version: 4.0.5 - missing functions: none
symbol engine: initialized successfully - sym options: 0x614 - pdb path: .;C:\pleiades\2023-09\java\21\bin;C:\WINDOWS\SYSTEM32;C:\WINDOWS\WinSxS\amd64_microsoft.windows.common-controls_6595b64144ccf1df_6.0.26100.3912_none_3e07963ce335137e;C:\pleiades\2023-09\java\21\bin\server

VM Arguments:
jvm_args: -XX:+ShowCodeDetailsInExceptionMessages -agentlib:jdwp=transport=dt_socket,suspend=y,address=localhost:56476 -Dcom.sun.management.jmxremote -Dcom.sun.management.jmxremote.port=56475 -Dcom.sun.management.jmxremote.authenticate=false -Dcom.sun.management.jmxremote.ssl=false -Djava.rmi.server.hostname=localhost -Dspring.jmx.enabled=true -Dmanagement.endpoints.jmx.exposure.include=* -Dspring.application.admin.enabled=true -XX:TieredStopAtLevel=1 -Dspring.boot.project.name=spring_kadai2 -javaagent:C:\pleiades\2023-09\eclipse\configuration\org.eclipse.osgi\252\0\.cp\lib\javaagent-shaded.jar -Dfile.encoding=UTF-8 -Dstdout.encoding=UTF-8 -Dstderr.encoding=UTF-8 
java_command: com.example.demo.SpringKadai2Application --spring.output.ansi.enabled=always
java_class_path (initial): C:\Users\Guest_11\git\test\spring_kadai2\bin\main;C:\Users\Guest_11\.gradle\caches\modules-2\files-2.1\org.projectlombok\lombok\1.18.38\57f8f5e02e92a30fd21b80cbd426a4172b5f8e29\lombok-1.18.38.jar;C:\Users\Guest_11\.gradle\caches\modules-2\files-2.1\org.springframework.boot\spring-boot-starter-thymeleaf\3.5.0\d270a37351ef3dfc3fbde3feac3d3c9710337c20\spring-boot-starter-thymeleaf-3.5.0.jar;C:\Users\Guest_11\.gradle\caches\modules-2\files-2.1\org.springframework.boot\spring-boot-starter-web\3.5.0\29c6198f7e5cd7c4b9a27045d93879e161d6cdd0\spring-boot-starter-web-3.5.0.jar;C:\Users\Guest_11\.gradle\caches\modules-2\files-2.1\org.springframework.boot\spring-boot-starter-json\3.5.0\af98a526ea3f68c179a6c6199bb1dbe864f43b93\spring-boot-starter-json-3.5.0.jar;C:\Users\Guest_11\.gradle\caches\modules-2\files-2.1\org.springframework.boot\spring-boot-starter\3.5.0\f8b02201e89d294514420a586624aa7338d61f4f\spring-boot-starter-3.5.0.jar;C:\Users\Guest_11\.gradle\caches\modules-2\files-2.1\org.thymeleaf\thymeleaf-spring6\3.1.3.RELEASE\4b276ea2bd536a18e44b40ff1d9f4848965ff59c\thymeleaf-spring6-3.1.3.RELEASE.jar;C:\Users\Guest_11\.gradle\caches\modules-2\files-2.1\org.springframework.boot\spring-boot-starter-tomcat\3.5.0\2e22a33e6f9444a7248581a23541fea5c1f6c216\spring-boot-starter-tomcat-3.5.0.jar;C:\Users\Guest_11\.gradle\caches\modules-2\files-2.1\org.springframework\spring-webmvc\6.2.7\a1954b3a51f585c6b8582831661fec981d2571e\spring-webmvc-6.2.7.jar;C:\Users\Guest_11\.gradle\caches\modules-2\files-2.1\org.springframework\spring-web\6.2.7\1bd08eba2f2fd69eef49473e42fe124a20e7f844\spring-web-6.2.7.jar;C:\Users\Guest_11\.gradle\caches\modules-2\files-2.1\org.springframework.boot\spring-boot-autoconfigure\3.5.0\a7f8ba40022dd75f20ac0eafe117437a1a7f3935\spring-boot-autoconfigure-3.5.0.jar;C:\Users\Guest_11\.gradle\caches\modules-2\files-2.1\org.springframework.boot\spring-boot\3.5.0\ec86afc460265a0219bfafe187acb6c596ac2de1\spring-boot-3.5.0.jar;C:\Users\Guest_11\.gradle\caches\modules-2\files-2.1\org.springframework.boot\spring-boot-starter-logging\3.5.0\7db0461d8895f00a9841bf5558501fe90e7eba4c\spring-boot-starter-logging-3.5.0.jar;C:\Users\Guest_11\.gradle\caches\modules-2\files-2.1\jakarta.annotation\jakarta.annotation-api\2.1.1\48b9bda22b091b1f48b13af03fe36db3be6e1ae3\jakarta.annotation-api-2.1.1.jar;C:\Users\Guest_11\.gradle\caches\modules-2\files-2.1\org.springframework\spring-context\6.2.7\e0f3850bba7ff52016429e8d2fa39b5107f1fde6\spring-context-6.2.7.jar;C:\Users\Guest_11\.gradle\caches\modules-2\files-2.1\org.springframework\spring-aop\6.2.7\3df3ee9217cb62e65382718351e56f1eeb76e74c\spring-aop-6.2.7.jar;C:\Users\Guest_11\.gradle\caches\modules-2\files-2.1\org.springframework\spring-beans\6.2.7\64119950b73943f67196705e43acddd7bf714c45\spring-beans-6.2.7.jar;C:\Users\Guest_11\.gradle\caches\modules-2\files-2.1\org.springframework\spring-expression\6.2.7\fa525916c85df246fcb70c771d039523dd6f12d9\spring-expression-6.2.7.jar;C:\Users\Guest_11\.gradle\caches\modules-2\files-2.1\org.springframework\spring-core\6.2.7\525a228b8b4323568b7aa9e49c1e1df27838adf1\spring-core-6.2.7.jar;C:\Users\Guest_11\.gradle\caches\modules-2\files-2.1\org.yaml\snakeyaml\2.4\e0666b825b796f85521f02360e77f4c92c5a7a07\snakeyaml-2.4.jar;C:\Users\Guest_11\.gradle\caches\modules-2\files-2.1\org.thymeleaf\thymeleaf\3.1.3.RELEASE\51474f2a90b282ee97dabcd159c7faf24790f373\thymeleaf-3.1.3.RELEASE.jar;C:\Users\Guest_11\.gradle\caches\modules-2\files-2.1\ch.qos.logback\logback-classic\1.5.18\fc371f3fc97a639de2d67947cffb7518ec5e3d40\logback-classic-1.5.18.jar;C:\Users\Guest_11\.gradle\caches\modules-2\files-2.1\org.apache.logging.log4j\log4j-to-slf4j\2.24.3\da1143e2a2531ee1c2d90baa98eb50a28a39d5a7\log4j-to-slf4j-2.24.3.jar;C:\Users\Guest_11\.gradle\caches\modules-2\files-2.1\org.slf4j\jul-to-slf4j\2.0.17\524cb6ccc2b68a57604750e1ab8b13b5a786a6aa\jul-to-slf4j-2.0.17.jar;C:\Users\Guest_11\.gradle\caches\modules-2\files-2.1\org.slf4j\slf4j-api\2.0.17\d9e58ac9c7779ba3bf8142aff6c830617a7fe60f\slf4j-api-2.0.17.jar;C:\Users\Guest_11\.gradle\caches\modules-2\files-2.1\com.fasterxml.jackson.datatype\jackson-datatype-jsr310\2.19.0\4c98a2fa8b35b5ffe102438f747f7b526619fde7\jackson-datatype-jsr310-2.19.0.jar;C:\Users\Guest_11\.gradle\caches\modules-2\files-2.1\com.fasterxml.jackson.module\jackson-module-parameter-names\2.19.0\4963234952362539ca73c85b6a423c851f04f1d\jackson-module-parameter-names-2.19.0.jar;C:\Users\Guest_11\.gradle\caches\modules-2\files-2.1\com.fasterxml.jackson.core\jackson-annotations\2.19.0\fd1e7c56de1e5b658563c8c66d5074cceb4e3a0b\jackson-annotations-2.19.0.jar;C:\Users\Guest_11\.gradle\caches\modules-2\files-2.1\com.fasterxml.jackson.core\jackson-core\2.19.0\a90640e59ea42632a8e331ff1d6b706cf306050a\jackson-core-2.19.0.jar;C:\Users\Guest_11\.gradle\caches\modules-2\files-2.1\com.fasterxml.jackson.datatype\jackson-datatype-jdk8\2.19.0\69312135ff6d6646203b9681fa48505f369210a6\jackson-datatype-jdk8-2.19.0.jar;C:\Users\Guest_11\.gradle\caches\modules-2\files-2.1\com.fasterxml.jackson.core\jackson-databind\2.19.0\b3f7506f6414fb04760561eec11a0880165c2a4a\jackson-databind-2.19.0.jar;C:\Users\Guest_11\.gradle\caches\modules-2\files-2.1\org.apache.tomcat.embed\tomcat-embed-websocket\10.1.41\d696393d5949252ed8d561184df118b3ca5efd07\tomcat-embed-websocket-10.1.41.jar;C:\Users\Guest_11\.gradle\caches\modules-2\files-2.1\org.apache.tomcat.embed\tomcat-embed-core\10.1.41\bcf9c79a4508fd36c93babc83823c09b3aa2d510\tomcat-embed-core-10.1.41.jar;C:\Users\Guest_11\.gradle\caches\modules-2\files-2.1\org.apache.tomcat.embed\tomcat-embed-el\10.1.41\5ca28d87f558ce31b9952dc9592f46633dc5d7a3\tomcat-embed-el-10.1.41.jar;C:\Users\Guest_11\.gradle\caches\modules-2\files-2.1\io.micrometer\micrometer-observation\1.15.0\1bcd42cb00aead4d441038fa86b0e6b41922e254\micrometer-observation-1.15.0.jar;C:\Users\Guest_11\.gradle\caches\modules-2\files-2.1\org.springframework\spring-jcl\6.2.7\16b5f3446a6fcf097f4910c935086d08db657653\spring-jcl-6.2.7.jar;C:\Users\Guest_11\.gradle\caches\modules-2\files-2.1\org.attoparser\attoparser\2.0.7.RELEASE\e5d0e988d9124139d645bb5872b24dfa23e283cc\attoparser-2.0.7.RELEASE.jar;C:\Users\Guest_11\.gradle\caches\modules-2\files-2.1\org.unbescape\unbescape\1.1.6.RELEASE\7b90360afb2b860e09e8347112800d12c12b2a13\unbescape-1.1.6.RELEASE.jar;C:\Users\Guest_11\.gradle\caches\modules-2\files-2.1\io.micrometer\micrometer-commons\1.15.0\a796f0418b2e0fe42988a1ca6e240d8b3fb5e954\micrometer-commons-1.15.0.jar;C:\Users\Guest_11\.gradle\caches\modules-2\files-2.1\ch.qos.logback\logback-core\1.5.18\6c0375624f6f36b4e089e2488ba21334a11ef13f\logback-core-1.5.18.jar;C:\Users\Guest_11\.gradle\caches\modules-2\files-2.1\org.apache.logging.log4j\log4j-api\2.24.3\b02c125db8b6d295adf72ae6e71af5d83bce2370\log4j-api-2.24.3.jar;C:\Users\Guest_11\.gradle\caches\modules-2\files-2.1\org.springframework.boot\spring-boot-devtools\3.5.0\982d5bb2a4aa2728144cd02dbd4671200ac5e062\spring-boot-devtools-3.5.0.jar
Launcher Type: SUN_STANDARD

[Global flags]
     intx CICompilerCount                          = 4                                         {product} {ergonomic}
     uint ConcGCThreads                            = 2                                         {product} {ergonomic}
     uint G1ConcRefinementThreads                  = 8                                         {product} {ergonomic}
   size_t G1HeapRegionSize                         = 2097152                                   {product} {ergonomic}
    uintx GCDrainStackTargetSize                   = 64                                        {product} {ergonomic}
   size_t InitialHeapSize                          = 264241152                                 {product} {ergonomic}
     bool ManagementServer                         = true                                      {product} {command line}
   size_t MarkStackSize                            = 4194304                                   {product} {ergonomic}
   size_t MaxHeapSize                              = 4213178368                                {product} {ergonomic}
   size_t MaxNewSize                               = 2527068160                                {product} {ergonomic}
   size_t MinHeapDeltaBytes                        = 2097152                                   {product} {ergonomic}
   size_t MinHeapSize                              = 8388608                                   {product} {ergonomic}
    uintx NonNMethodCodeHeapSize                   = 4096                                   {pd product} {ergonomic}
    uintx NonProfiledCodeHeapSize                  = 0                                      {pd product} {ergonomic}
     bool ProfileInterpreter                       = false                                  {pd product} {command line}
    uintx ProfiledCodeHeapSize                     = 0                                      {pd product} {ergonomic}
     bool ShowCodeDetailsInExceptionMessages       = true                                   {manageable} {command line}
   size_t SoftMaxHeapSize                          = 4213178368                             {manageable} {ergonomic}
     intx TieredStopAtLevel                        = 1                                         {product} {command line}
     bool UseCompressedOops                        = true                           {product lp64_product} {ergonomic}
     bool UseG1GC                                  = true                                      {product} {ergonomic}
     bool UseLargePagesIndividualAllocation        = false                                  {pd product} {ergonomic}

Logging:
Log output configuration:
 #0: stdout all=warning uptime,level,tags foldmultilines=false
 #1: stderr all=off uptime,level,tags foldmultilines=false

Environment Variables:
PATH=C:/pleiades/2023-09/java/17/bin/server;C:/pleiades/2023-09/java/17/bin;C:\Python312\Scripts\;C:\Python312\;C:\Program Files\Common Files\Oracle\Java\javapath;C:\Program Files (x86)\Common Files\Oracle\Java\java8path;C:\Program Files (x86)\Common Files\Oracle\Java\javapath;C:\WINDOWS\system32;C:\WINDOWS;C:\WINDOWS\System32\Wbem;C:\WINDOWS\System32\WindowsPowerShell\v1.0\;C:\WINDOWS\System32\OpenSSH\;C:\Program Files\Git\cmd;C:\Program Files\Git\mingw64\bin;C:\Program Files\Git\usr\bin;C:\Program Files\Docker\Docker\resources\bin;C:\Program Files\nodejs\;C:\ProgramData\chocolatey\bin;;C:\Program Files\WinMerge;C:\Users\Guest_11\AppData\Local\Microsoft\WindowsApps;;C:\pleiades\2023-09\eclipse;
USERNAME=Guest_11
OS=Windows_NT
PROCESSOR_IDENTIFIER=Intel64 Family 6 Model 140 Stepping 1, GenuineIntel
TMP=C:\Users\Guest_11\AppData\Local\Temp
TEMP=C:\Users\Guest_11\AppData\Local\Temp




Periodic native trim disabled

---------------  S Y S T E M  ---------------

OS:
 Windows 11 , 64 bit Build 26100 (10.0.26100.3912)
OS uptime: 7 days 8:35 hours
Hyper-V role detected

CPU: total 8 (initial active 8) (4 cores per cpu, 2 threads per core) family 6 model 140 stepping 1 microcode 0xba, cx8, cmov, fxsr, ht, mmx, 3dnowpref, sse, sse2, sse3, ssse3, sse4.1, sse4.2, popcnt, lzcnt, tsc, tscinvbit, avx, avx2, aes, erms, clmul, bmi1, bmi2, adx, avx512f, avx512dq, avx512cd, avx512bw, avx512vl, sha, fma, vzeroupper, avx512_vpopcntdq, avx512_vpclmulqdq, avx512_vaes, avx512_vnni, clflush, clflushopt, clwb, avx512_vbmi2, avx512_vbmi, hv, rdtscp, rdpid, fsrm, gfni, avx512_bitalg, f16c, cet_ibt, cet_ss, avx512_ifma
Processor Information for all 8 processors :
  Max Mhz: 2419, Current Mhz: 2419, Mhz Limit: 2419

Memory: 4k page, system-wide physical 16064M (6874M free)
TotalPageFile size 24000M (AvailPageFile size 12287M)
current process WorkingSet (physical memory assigned to process): 183M, peak: 220M
current process commit charge ("private bytes"): 225M, peak: 366M

vm_info: OpenJDK 64-Bit Server VM (21.0.1+12-LTS) for windows-amd64 JRE (21.0.1+12-LTS), built on 2023-10-17T00:00:00Z by "admin" with unknown MS VC++:1937

END.
